// Jest Snapshot v1, https://goo.gl/fbAQLP

exports[`Renders puzzle component with a puzzle 1`] = `
<div>
  <div
    class="puzzle"
  >
    <p>
      Lives Left : 
      3
    </p>
    <div
      class="puzzle__grid"
      style="grid-template-columns: auto 1fr 1fr 1fr;"
    >
      <span />
      <span
        style="display: flex; justify-content: center;"
      >
        2
      </span>
      <span
        style="display: flex; justify-content: center;"
      >
        2 
      </span>
      <span
        style="display: flex; justify-content: center;"
      >
        3
      </span>
      <span
        style="display: flex; align-items: center; justify-content: flex-end;"
      >
        2
      </span>
      <span
        class="puzzle-node"
        role="button"
      />
      <span
        class="puzzle-node"
        role="button"
      />
      <span
        class="puzzle-node"
        role="button"
      />
      <span
        style="display: flex; align-items: center; justify-content: flex-end;"
      >
        3
      </span>
      <span
        class="puzzle-node"
        role="button"
      />
      <span
        class="puzzle-node"
        role="button"
      />
      <span
        class="puzzle-node"
        role="button"
      />
      <span
        style="display: flex; align-items: center; justify-content: flex-end;"
      >
        1 1
      </span>
      <span
        class="puzzle-node"
        role="button"
      />
      <span
        class="puzzle-node"
        role="button"
      />
      <span
        class="puzzle-node"
        role="button"
      />
    </div>
  </div>
</div>
`;
