// Jest Snapshot v1, https://goo.gl/fbAQLP

exports[`renders puzzle 1`] = `
<div>
  <div
    class="puzzle"
  >
    <div
      class="puzzle__grid"
      style="grid-template-columns: auto 1fr 1fr;"
    >
      <span />
      <div
        class="clue-container clue-container--column"
      >
        <span
          class="clue"
        >
          2
        </span>
      </div>
      <div
        class="clue-container clue-container--column"
      >
        <span
          class="clue"
        >
          1
        </span>
      </div>
      <div
        class="clue-container"
      >
        <span
          class="clue"
        >
          2
        </span>
      </div>
      <span
        class="puzzle-node"
        role="button"
      />
      <span
        class="puzzle-node"
        role="button"
      />
      <div
        class="clue-container"
      >
        <span
          class="clue"
        >
          1
        </span>
      </div>
      <span
        class="puzzle-node"
        role="button"
      />
      <span
        class="puzzle-node"
        role="button"
      />
    </div>
    <div
      class="puzzle__hud"
    >
      <fieldset
        class="puzzle__life-count"
      >
        <legend>
          Lives Left
        </legend>
        <span
          class="puzzle__life-count-hearts"
        >
          ❤️❤️❤️❤️
        </span>
      </fieldset>
      <fieldset
        class="radio-tile-group"
      >
        <legend>
          Input Type
        </legend>
        <div
          class="radio-tile radio-tile--selected"
        >
          <label
            class="radio-tile__label"
            for="6"
          >
            ✒️
          </label>
          <input
            checked=""
            class="radio-tile__input"
            id="6"
            name="input-toggle"
            type="radio"
          />
        </div>
        <div
          class="radio-tile"
        >
          <label
            class="radio-tile__label"
            for="7"
          >
            ❌
          </label>
          <input
            class="radio-tile__input"
            id="7"
            name="input-toggle"
            type="radio"
          />
        </div>
      </fieldset>
    </div>
  </div>
</div>
`;

exports[`renders puzzle 2`] = `
<div>
  <div
    class="puzzle"
  >
    <div
      class="puzzle__grid"
      style="grid-template-columns: auto 1fr 1fr 1fr;"
    >
      <span />
      <div
        class="clue-container clue-container--column"
      >
        <span
          class="clue"
        >
          2
        </span>
      </div>
      <div
        class="clue-container clue-container--column"
      >
        <span
          class="clue"
        >
          2
        </span>
      </div>
      <div
        class="clue-container clue-container--column"
      >
        <span
          class="clue"
        >
          3
        </span>
      </div>
      <div
        class="clue-container"
      >
        <span
          class="clue"
        >
          2
        </span>
      </div>
      <span
        class="puzzle-node"
        role="button"
      />
      <span
        class="puzzle-node"
        role="button"
      />
      <span
        class="puzzle-node"
        role="button"
      />
      <div
        class="clue-container"
      >
        <span
          class="clue"
        >
          3
        </span>
      </div>
      <span
        class="puzzle-node"
        role="button"
      />
      <span
        class="puzzle-node"
        role="button"
      />
      <span
        class="puzzle-node"
        role="button"
      />
      <div
        class="clue-container"
      >
        <span
          class="clue"
        >
          1
        </span>
        <span
          class="clue"
        >
          1
        </span>
      </div>
      <span
        class="puzzle-node"
        role="button"
      />
      <span
        class="puzzle-node"
        role="button"
      />
      <span
        class="puzzle-node"
        role="button"
      />
    </div>
    <div
      class="puzzle__hud"
    >
      <fieldset
        class="puzzle__life-count"
      >
        <legend>
          Lives Left
        </legend>
        <span
          class="puzzle__life-count-hearts"
        >
          ❤️❤️❤️❤️
        </span>
      </fieldset>
      <fieldset
        class="radio-tile-group"
      >
        <legend>
          Input Type
        </legend>
        <div
          class="radio-tile radio-tile--selected"
        >
          <label
            class="radio-tile__label"
            for="17"
          >
            ✒️
          </label>
          <input
            checked=""
            class="radio-tile__input"
            id="17"
            name="input-toggle"
            type="radio"
          />
        </div>
        <div
          class="radio-tile"
        >
          <label
            class="radio-tile__label"
            for="18"
          >
            ❌
          </label>
          <input
            class="radio-tile__input"
            id="18"
            name="input-toggle"
            type="radio"
          />
        </div>
      </fieldset>
    </div>
  </div>
</div>
`;

exports[`renders puzzle 3`] = `
<div>
  <div
    class="puzzle"
  >
    <div
      class="puzzle__grid"
      style="grid-template-columns: auto 1fr 1fr 1fr 1fr 1fr;"
    >
      <span />
      <div
        class="clue-container clue-container--column"
      >
        <span
          class="clue"
        >
          2
        </span>
      </div>
      <div
        class="clue-container clue-container--column"
      >
        <span
          class="clue"
        >
          4
        </span>
      </div>
      <div
        class="clue-container clue-container--column"
      >
        <span
          class="clue"
        >
          5
        </span>
      </div>
      <div
        class="clue-container clue-container--column"
      >
        <span
          class="clue"
        >
          2
        </span>
        <span
          class="clue"
        >
          1
        </span>
      </div>
      <div
        class="clue-container clue-container--column"
      >
        <span
          class="clue"
        >
          2
        </span>
      </div>
      <div
        class="clue-container"
      >
        <span
          class="clue"
        >
          1
        </span>
      </div>
      <span
        class="puzzle-node"
        role="button"
      />
      <span
        class="puzzle-node"
        role="button"
      />
      <span
        class="puzzle-node"
        role="button"
      />
      <span
        class="puzzle-node"
        role="button"
      />
      <span
        class="puzzle-node"
        role="button"
      />
      <div
        class="clue-container"
      >
        <span
          class="clue"
        >
          3
        </span>
      </div>
      <span
        class="puzzle-node"
        role="button"
      />
      <span
        class="puzzle-node"
        role="button"
      />
      <span
        class="puzzle-node"
        role="button"
      />
      <span
        class="puzzle-node"
        role="button"
      />
      <span
        class="puzzle-node"
        role="button"
      />
      <div
        class="clue-container"
      >
        <span
          class="clue"
        >
          5
        </span>
      </div>
      <span
        class="puzzle-node"
        role="button"
      />
      <span
        class="puzzle-node"
        role="button"
      />
      <span
        class="puzzle-node"
        role="button"
      />
      <span
        class="puzzle-node"
        role="button"
      />
      <span
        class="puzzle-node"
        role="button"
      />
      <div
        class="clue-container"
      >
        <span
          class="clue"
        >
          3
        </span>
        <span
          class="clue"
        >
          1
        </span>
      </div>
      <span
        class="puzzle-node"
        role="button"
      />
      <span
        class="puzzle-node"
        role="button"
      />
      <span
        class="puzzle-node"
        role="button"
      />
      <span
        class="puzzle-node"
        role="button"
      />
      <span
        class="puzzle-node"
        role="button"
      />
      <div
        class="clue-container"
      >
        <span
          class="clue"
        >
          3
        </span>
      </div>
      <span
        class="puzzle-node"
        role="button"
      />
      <span
        class="puzzle-node"
        role="button"
      />
      <span
        class="puzzle-node"
        role="button"
      />
      <span
        class="puzzle-node"
        role="button"
      />
      <span
        class="puzzle-node"
        role="button"
      />
    </div>
    <div
      class="puzzle__hud"
    >
      <fieldset
        class="puzzle__life-count"
      >
        <legend>
          Lives Left
        </legend>
        <span
          class="puzzle__life-count-hearts"
        >
          ❤️❤️❤️❤️
        </span>
      </fieldset>
      <fieldset
        class="radio-tile-group"
      >
        <legend>
          Input Type
        </legend>
        <div
          class="radio-tile radio-tile--selected"
        >
          <label
            class="radio-tile__label"
            for="33"
          >
            ✒️
          </label>
          <input
            checked=""
            class="radio-tile__input"
            id="33"
            name="input-toggle"
            type="radio"
          />
        </div>
        <div
          class="radio-tile"
        >
          <label
            class="radio-tile__label"
            for="34"
          >
            ❌
          </label>
          <input
            class="radio-tile__input"
            id="34"
            name="input-toggle"
            type="radio"
          />
        </div>
      </fieldset>
    </div>
  </div>
</div>
`;

exports[`renders puzzle 4`] = `
<div>
  <div
    class="puzzle"
  >
    <div
      class="puzzle__grid"
      style="grid-template-columns: auto 1fr 1fr 1fr 1fr 1fr;"
    >
      <span />
      <div
        class="clue-container clue-container--column"
      >
        <span
          class="clue"
        >
          2
        </span>
      </div>
      <div
        class="clue-container clue-container--column"
      >
        <span
          class="clue"
        >
          1
        </span>
        <span
          class="clue"
        >
          3
        </span>
      </div>
      <div
        class="clue-container clue-container--column"
      >
        <span
          class="clue"
        >
          5
        </span>
      </div>
      <div
        class="clue-container clue-container--column"
      >
        <span
          class="clue"
        >
          2
        </span>
      </div>
      <div
        class="clue-container clue-container--column"
      >
        <span
          class="clue clue--completed"
        >
          0
        </span>
      </div>
      <div
        class="clue-container"
      >
        <span
          class="clue"
        >
          2
        </span>
      </div>
      <span
        class="puzzle-node"
        role="button"
      />
      <span
        class="puzzle-node"
        role="button"
      />
      <span
        class="puzzle-node"
        role="button"
      />
      <span
        class="puzzle-node"
        role="button"
      />
      <span
        class="puzzle-node puzzle-node--incorrect puzzle-node--marked"
        role="button"
      />
      <div
        class="clue-container"
      >
        <span
          class="clue"
        >
          1
        </span>
        <span
          class="clue"
        >
          2
        </span>
      </div>
      <span
        class="puzzle-node"
        role="button"
      />
      <span
        class="puzzle-node"
        role="button"
      />
      <span
        class="puzzle-node"
        role="button"
      />
      <span
        class="puzzle-node"
        role="button"
      />
      <span
        class="puzzle-node puzzle-node--incorrect puzzle-node--marked"
        role="button"
      />
      <div
        class="clue-container"
      >
        <span
          class="clue"
        >
          4
        </span>
      </div>
      <span
        class="puzzle-node"
        role="button"
      />
      <span
        class="puzzle-node"
        role="button"
      />
      <span
        class="puzzle-node"
        role="button"
      />
      <span
        class="puzzle-node"
        role="button"
      />
      <span
        class="puzzle-node puzzle-node--incorrect puzzle-node--marked"
        role="button"
      />
      <div
        class="clue-container"
      >
        <span
          class="clue"
        >
          2
        </span>
      </div>
      <span
        class="puzzle-node"
        role="button"
      />
      <span
        class="puzzle-node"
        role="button"
      />
      <span
        class="puzzle-node"
        role="button"
      />
      <span
        class="puzzle-node"
        role="button"
      />
      <span
        class="puzzle-node puzzle-node--incorrect puzzle-node--marked"
        role="button"
      />
      <div
        class="clue-container"
      >
        <span
          class="clue"
        >
          2
        </span>
      </div>
      <span
        class="puzzle-node"
        role="button"
      />
      <span
        class="puzzle-node"
        role="button"
      />
      <span
        class="puzzle-node"
        role="button"
      />
      <span
        class="puzzle-node"
        role="button"
      />
      <span
        class="puzzle-node puzzle-node--incorrect puzzle-node--marked"
        role="button"
      />
    </div>
    <div
      class="puzzle__hud"
    >
      <fieldset
        class="puzzle__life-count"
      >
        <legend>
          Lives Left
        </legend>
        <span
          class="puzzle__life-count-hearts"
        >
          ❤️❤️❤️❤️
        </span>
      </fieldset>
      <fieldset
        class="radio-tile-group"
      >
        <legend>
          Input Type
        </legend>
        <div
          class="radio-tile radio-tile--selected"
        >
          <label
            class="radio-tile__label"
            for="49"
          >
            ✒️
          </label>
          <input
            checked=""
            class="radio-tile__input"
            id="49"
            name="input-toggle"
            type="radio"
          />
        </div>
        <div
          class="radio-tile"
        >
          <label
            class="radio-tile__label"
            for="50"
          >
            ❌
          </label>
          <input
            class="radio-tile__input"
            id="50"
            name="input-toggle"
            type="radio"
          />
        </div>
      </fieldset>
    </div>
  </div>
</div>
`;

exports[`renders puzzle 5`] = `
<div>
  <div
    class="puzzle"
  >
    <div
      class="puzzle__grid"
      style="grid-template-columns: auto 1fr 1fr 1fr 1fr 1fr;"
    >
      <span />
      <div
        class="clue-container clue-container--column"
      >
        <span
          class="clue"
        >
          3
        </span>
      </div>
      <div
        class="clue-container clue-container--column"
      >
        <span
          class="clue"
        >
          4
        </span>
      </div>
      <div
        class="clue-container clue-container--column"
      >
        <span
          class="clue"
        >
          1
        </span>
        <span
          class="clue"
        >
          1
        </span>
        <span
          class="clue"
        >
          1
        </span>
      </div>
      <div
        class="clue-container clue-container--column"
      >
        <span
          class="clue"
        >
          4
        </span>
      </div>
      <div
        class="clue-container clue-container--column"
      >
        <span
          class="clue"
        >
          3
        </span>
      </div>
      <div
        class="clue-container"
      >
        <span
          class="clue"
        >
          1
        </span>
      </div>
      <span
        class="puzzle-node"
        role="button"
      />
      <span
        class="puzzle-node"
        role="button"
      />
      <span
        class="puzzle-node"
        role="button"
      />
      <span
        class="puzzle-node"
        role="button"
      />
      <span
        class="puzzle-node"
        role="button"
      />
      <div
        class="clue-container"
      >
        <span
          class="clue"
        >
          1
        </span>
        <span
          class="clue"
        >
          1
        </span>
      </div>
      <span
        class="puzzle-node"
        role="button"
      />
      <span
        class="puzzle-node"
        role="button"
      />
      <span
        class="puzzle-node"
        role="button"
      />
      <span
        class="puzzle-node"
        role="button"
      />
      <span
        class="puzzle-node"
        role="button"
      />
      <div
        class="clue-container"
      >
        <span
          class="clue"
        >
          5
        </span>
      </div>
      <span
        class="puzzle-node"
        role="button"
      />
      <span
        class="puzzle-node"
        role="button"
      />
      <span
        class="puzzle-node"
        role="button"
      />
      <span
        class="puzzle-node"
        role="button"
      />
      <span
        class="puzzle-node"
        role="button"
      />
      <div
        class="clue-container"
      >
        <span
          class="clue"
        >
          2
        </span>
        <span
          class="clue"
        >
          2
        </span>
      </div>
      <span
        class="puzzle-node"
        role="button"
      />
      <span
        class="puzzle-node"
        role="button"
      />
      <span
        class="puzzle-node"
        role="button"
      />
      <span
        class="puzzle-node"
        role="button"
      />
      <span
        class="puzzle-node"
        role="button"
      />
      <div
        class="clue-container"
      >
        <span
          class="clue"
        >
          5
        </span>
      </div>
      <span
        class="puzzle-node"
        role="button"
      />
      <span
        class="puzzle-node"
        role="button"
      />
      <span
        class="puzzle-node"
        role="button"
      />
      <span
        class="puzzle-node"
        role="button"
      />
      <span
        class="puzzle-node"
        role="button"
      />
    </div>
    <div
      class="puzzle__hud"
    >
      <fieldset
        class="puzzle__life-count"
      >
        <legend>
          Lives Left
        </legend>
        <span
          class="puzzle__life-count-hearts"
        >
          ❤️❤️❤️❤️
        </span>
      </fieldset>
      <fieldset
        class="radio-tile-group"
      >
        <legend>
          Input Type
        </legend>
        <div
          class="radio-tile radio-tile--selected"
        >
          <label
            class="radio-tile__label"
            for="67"
          >
            ✒️
          </label>
          <input
            checked=""
            class="radio-tile__input"
            id="67"
            name="input-toggle"
            type="radio"
          />
        </div>
        <div
          class="radio-tile"
        >
          <label
            class="radio-tile__label"
            for="68"
          >
            ❌
          </label>
          <input
            class="radio-tile__input"
            id="68"
            name="input-toggle"
            type="radio"
          />
        </div>
      </fieldset>
    </div>
  </div>
</div>
`;

exports[`renders puzzle 6`] = `
<div>
  <div
    class="puzzle"
  >
    <div
      class="puzzle__grid"
      style="grid-template-columns: auto 1fr 1fr 1fr;"
    >
      <span />
      <div
        class="clue-container clue-container--column"
      >
        <span
          class="clue clue--completed"
        >
          0
        </span>
      </div>
      <div
        class="clue-container clue-container--column"
      >
        <span
          class="clue clue--completed"
        >
          0
        </span>
      </div>
      <div
        class="clue-container clue-container--column"
      >
        <span
          class="clue"
        >
          1
        </span>
      </div>
      <div
        class="clue-container"
      >
        <span
          class="clue clue--completed"
        >
          0
        </span>
      </div>
      <span
        class="puzzle-node puzzle-node--incorrect puzzle-node--marked"
        role="button"
      />
      <span
        class="puzzle-node puzzle-node--incorrect puzzle-node--marked"
        role="button"
      />
      <span
        class="puzzle-node puzzle-node--incorrect puzzle-node--marked"
        role="button"
      />
      <div
        class="clue-container"
      >
        <span
          class="clue clue--completed"
        >
          0
        </span>
      </div>
      <span
        class="puzzle-node puzzle-node--incorrect puzzle-node--marked"
        role="button"
      />
      <span
        class="puzzle-node puzzle-node--incorrect puzzle-node--marked"
        role="button"
      />
      <span
        class="puzzle-node puzzle-node--incorrect puzzle-node--marked"
        role="button"
      />
      <div
        class="clue-container"
      >
        <span
          class="clue"
        >
          1
        </span>
      </div>
      <span
        class="puzzle-node puzzle-node--incorrect puzzle-node--marked"
        role="button"
      />
      <span
        class="puzzle-node puzzle-node--incorrect puzzle-node--marked"
        role="button"
      />
      <span
        class="puzzle-node"
        role="button"
      />
    </div>
    <div
      class="puzzle__hud"
    >
      <fieldset
        class="puzzle__life-count"
      >
        <legend>
          Lives Left
        </legend>
        <span
          class="puzzle__life-count-hearts"
        >
          ❤️❤️❤️❤️
        </span>
      </fieldset>
      <fieldset
        class="radio-tile-group"
      >
        <legend>
          Input Type
        </legend>
        <div
          class="radio-tile radio-tile--selected"
        >
          <label
            class="radio-tile__label"
            for="77"
          >
            ✒️
          </label>
          <input
            checked=""
            class="radio-tile__input"
            id="77"
            name="input-toggle"
            type="radio"
          />
        </div>
        <div
          class="radio-tile"
        >
          <label
            class="radio-tile__label"
            for="78"
          >
            ❌
          </label>
          <input
            class="radio-tile__input"
            id="78"
            name="input-toggle"
            type="radio"
          />
        </div>
      </fieldset>
    </div>
  </div>
</div>
`;

exports[`renders puzzle 7`] = `
<div>
  <div
    class="puzzle"
  >
    <div
      class="puzzle__grid"
      style="grid-template-columns: auto 1fr 1fr 1fr 1fr 1fr 1fr 1fr 1fr 1fr 1fr;"
    >
      <span />
      <div
        class="clue-container clue-container--column"
      >
        <span
          class="clue"
        >
          3
        </span>
      </div>
      <div
        class="clue-container clue-container--column"
      >
        <span
          class="clue"
        >
          6
        </span>
      </div>
      <div
        class="clue-container clue-container--column"
      >
        <span
          class="clue"
        >
          8
        </span>
      </div>
      <div
        class="clue-container clue-container--column"
      >
        <span
          class="clue"
        >
          3
        </span>
        <span
          class="clue"
        >
          4
        </span>
      </div>
      <div
        class="clue-container clue-container--column"
      >
        <span
          class="clue"
        >
          3
        </span>
        <span
          class="clue"
        >
          3
        </span>
      </div>
      <div
        class="clue-container clue-container--column"
      >
        <span
          class="clue"
        >
          3
        </span>
        <span
          class="clue"
        >
          3
        </span>
      </div>
      <div
        class="clue-container clue-container--column"
      >
        <span
          class="clue"
        >
          4
        </span>
        <span
          class="clue"
        >
          4
        </span>
      </div>
      <div
        class="clue-container clue-container--column"
      >
        <span
          class="clue"
        >
          9
        </span>
      </div>
      <div
        class="clue-container clue-container--column"
      >
        <span
          class="clue"
        >
          7
        </span>
      </div>
      <div
        class="clue-container clue-container--column"
      >
        <span
          class="clue"
        >
          4
        </span>
      </div>
      <div
        class="clue-container"
      >
        <span
          class="clue"
        >
          3
        </span>
      </div>
      <span
        class="puzzle-node"
        role="button"
      />
      <span
        class="puzzle-node"
        role="button"
      />
      <span
        class="puzzle-node"
        role="button"
      />
      <span
        class="puzzle-node"
        role="button"
      />
      <span
        class="puzzle-node"
        role="button"
      />
      <span
        class="puzzle-node"
        role="button"
      />
      <span
        class="puzzle-node"
        role="button"
      />
      <span
        class="puzzle-node"
        role="button"
      />
      <span
        class="puzzle-node"
        role="button"
      />
      <span
        class="puzzle-node"
        role="button"
      />
      <div
        class="clue-container"
      >
        <span
          class="clue"
        >
          6
        </span>
      </div>
      <span
        class="puzzle-node"
        role="button"
      />
      <span
        class="puzzle-node"
        role="button"
      />
      <span
        class="puzzle-node"
        role="button"
      />
      <span
        class="puzzle-node"
        role="button"
      />
      <span
        class="puzzle-node"
        role="button"
      />
      <span
        class="puzzle-node"
        role="button"
      />
      <span
        class="puzzle-node"
        role="button"
      />
      <span
        class="puzzle-node"
        role="button"
      />
      <span
        class="puzzle-node"
        role="button"
      />
      <span
        class="puzzle-node"
        role="button"
      />
      <div
        class="clue-container"
      >
        <span
          class="clue"
        >
          8
        </span>
      </div>
      <span
        class="puzzle-node"
        role="button"
      />
      <span
        class="puzzle-node"
        role="button"
      />
      <span
        class="puzzle-node"
        role="button"
      />
      <span
        class="puzzle-node"
        role="button"
      />
      <span
        class="puzzle-node"
        role="button"
      />
      <span
        class="puzzle-node"
        role="button"
      />
      <span
        class="puzzle-node"
        role="button"
      />
      <span
        class="puzzle-node"
        role="button"
      />
      <span
        class="puzzle-node"
        role="button"
      />
      <span
        class="puzzle-node"
        role="button"
      />
      <div
        class="clue-container"
      >
        <span
          class="clue"
        >
          3
        </span>
        <span
          class="clue"
        >
          4
        </span>
      </div>
      <span
        class="puzzle-node"
        role="button"
      />
      <span
        class="puzzle-node"
        role="button"
      />
      <span
        class="puzzle-node"
        role="button"
      />
      <span
        class="puzzle-node"
        role="button"
      />
      <span
        class="puzzle-node"
        role="button"
      />
      <span
        class="puzzle-node"
        role="button"
      />
      <span
        class="puzzle-node"
        role="button"
      />
      <span
        class="puzzle-node"
        role="button"
      />
      <span
        class="puzzle-node"
        role="button"
      />
      <span
        class="puzzle-node"
        role="button"
      />
      <div
        class="clue-container"
      >
        <span
          class="clue"
        >
          3
        </span>
        <span
          class="clue"
        >
          3
        </span>
      </div>
      <span
        class="puzzle-node"
        role="button"
      />
      <span
        class="puzzle-node"
        role="button"
      />
      <span
        class="puzzle-node"
        role="button"
      />
      <span
        class="puzzle-node"
        role="button"
      />
      <span
        class="puzzle-node"
        role="button"
      />
      <span
        class="puzzle-node"
        role="button"
      />
      <span
        class="puzzle-node"
        role="button"
      />
      <span
        class="puzzle-node"
        role="button"
      />
      <span
        class="puzzle-node"
        role="button"
      />
      <span
        class="puzzle-node"
        role="button"
      />
      <div
        class="clue-container"
      >
        <span
          class="clue"
        >
          3
        </span>
        <span
          class="clue"
        >
          3
        </span>
      </div>
      <span
        class="puzzle-node"
        role="button"
      />
      <span
        class="puzzle-node"
        role="button"
      />
      <span
        class="puzzle-node"
        role="button"
      />
      <span
        class="puzzle-node"
        role="button"
      />
      <span
        class="puzzle-node"
        role="button"
      />
      <span
        class="puzzle-node"
        role="button"
      />
      <span
        class="puzzle-node"
        role="button"
      />
      <span
        class="puzzle-node"
        role="button"
      />
      <span
        class="puzzle-node"
        role="button"
      />
      <span
        class="puzzle-node"
        role="button"
      />
      <div
        class="clue-container"
      >
        <span
          class="clue"
        >
          4
        </span>
        <span
          class="clue"
        >
          4
        </span>
      </div>
      <span
        class="puzzle-node"
        role="button"
      />
      <span
        class="puzzle-node"
        role="button"
      />
      <span
        class="puzzle-node"
        role="button"
      />
      <span
        class="puzzle-node"
        role="button"
      />
      <span
        class="puzzle-node"
        role="button"
      />
      <span
        class="puzzle-node"
        role="button"
      />
      <span
        class="puzzle-node"
        role="button"
      />
      <span
        class="puzzle-node"
        role="button"
      />
      <span
        class="puzzle-node"
        role="button"
      />
      <span
        class="puzzle-node"
        role="button"
      />
      <div
        class="clue-container"
      >
        <span
          class="clue"
        >
          8
        </span>
      </div>
      <span
        class="puzzle-node"
        role="button"
      />
      <span
        class="puzzle-node"
        role="button"
      />
      <span
        class="puzzle-node"
        role="button"
      />
      <span
        class="puzzle-node"
        role="button"
      />
      <span
        class="puzzle-node"
        role="button"
      />
      <span
        class="puzzle-node"
        role="button"
      />
      <span
        class="puzzle-node"
        role="button"
      />
      <span
        class="puzzle-node"
        role="button"
      />
      <span
        class="puzzle-node"
        role="button"
      />
      <span
        class="puzzle-node"
        role="button"
      />
      <div
        class="clue-container"
      >
        <span
          class="clue"
        >
          7
        </span>
      </div>
      <span
        class="puzzle-node"
        role="button"
      />
      <span
        class="puzzle-node"
        role="button"
      />
      <span
        class="puzzle-node"
        role="button"
      />
      <span
        class="puzzle-node"
        role="button"
      />
      <span
        class="puzzle-node"
        role="button"
      />
      <span
        class="puzzle-node"
        role="button"
      />
      <span
        class="puzzle-node"
        role="button"
      />
      <span
        class="puzzle-node"
        role="button"
      />
      <span
        class="puzzle-node"
        role="button"
      />
      <span
        class="puzzle-node"
        role="button"
      />
      <div
        class="clue-container"
      >
        <span
          class="clue"
        >
          5
        </span>
      </div>
      <span
        class="puzzle-node"
        role="button"
      />
      <span
        class="puzzle-node"
        role="button"
      />
      <span
        class="puzzle-node"
        role="button"
      />
      <span
        class="puzzle-node"
        role="button"
      />
      <span
        class="puzzle-node"
        role="button"
      />
      <span
        class="puzzle-node"
        role="button"
      />
      <span
        class="puzzle-node"
        role="button"
      />
      <span
        class="puzzle-node"
        role="button"
      />
      <span
        class="puzzle-node"
        role="button"
      />
      <span
        class="puzzle-node"
        role="button"
      />
    </div>
    <div
      class="puzzle__hud"
    >
      <fieldset
        class="puzzle__life-count"
      >
        <legend>
          Lives Left
        </legend>
        <span
          class="puzzle__life-count-hearts"
        >
          ❤️❤️❤️❤️
        </span>
      </fieldset>
      <fieldset
        class="radio-tile-group"
      >
        <legend>
          Input Type
        </legend>
        <div
          class="radio-tile radio-tile--selected"
        >
          <label
            class="radio-tile__label"
            for="109"
          >
            ✒️
          </label>
          <input
            checked=""
            class="radio-tile__input"
            id="109"
            name="input-toggle"
            type="radio"
          />
        </div>
        <div
          class="radio-tile"
        >
          <label
            class="radio-tile__label"
            for="110"
          >
            ❌
          </label>
          <input
            class="radio-tile__input"
            id="110"
            name="input-toggle"
            type="radio"
          />
        </div>
      </fieldset>
    </div>
  </div>
</div>
`;
