// Jest Snapshot v1, https://goo.gl/fbAQLP

exports[`renders puzzle 1`] = `
<div>
  <div
    class="puzzle"
  >
    <p>
      Lives Left : 
      3
    </p>
    <div
      class="puzzle__grid"
      style="grid-template-columns: auto 1fr 1fr;"
    >
      <span />
      <span
        style="display: flex; justify-content: center;"
      >
        <span
          style="opacity: 1;"
        >
          2
        </span>
      </span>
      <span
        style="display: flex; justify-content: center;"
      >
        <span
          style="opacity: 1;"
        >
          1
        </span>
      </span>
      <span
        style="display: flex; align-items: center; justify-content: flex-end;"
      >
        <span
          style="opacity: 1;"
        >
          2
        </span>
      </span>
      <span
        class="puzzle-node"
        role="button"
      />
      <span
        class="puzzle-node"
        role="button"
      />
      <span
        style="display: flex; align-items: center; justify-content: flex-end;"
      >
        <span
          style="opacity: 1;"
        >
          1
        </span>
      </span>
      <span
        class="puzzle-node"
        role="button"
      />
      <span
        class="puzzle-node"
        role="button"
      />
    </div>
    <fieldset
      class="radio-tile-group"
    >
      <legend>
        User input toggle
      </legend>
      <div
        class="radio-tile radio-tile--selected"
      >
        <label
          class="radio-tile__label"
          for="6"
        >
          ✒️
        </label>
        <input
          checked=""
          class="radio-tile__input"
          id="6"
          name="input-toggle"
          type="radio"
        />
      </div>
      <div
        class="radio-tile"
      >
        <label
          class="radio-tile__label"
          for="7"
        >
          ❌
        </label>
        <input
          class="radio-tile__input"
          id="7"
          name="input-toggle"
          type="radio"
        />
      </div>
    </fieldset>
  </div>
</div>
`;

exports[`renders puzzle 2`] = `
<div>
  <div
    class="puzzle"
  >
    <p>
      Lives Left : 
      3
    </p>
    <div
      class="puzzle__grid"
      style="grid-template-columns: auto 1fr 1fr 1fr;"
    >
      <span />
      <span
        style="display: flex; justify-content: center;"
      >
        <span
          style="opacity: 1;"
        >
          2
        </span>
      </span>
      <span
        style="display: flex; justify-content: center;"
      >
        <span
          style="opacity: 1;"
        >
          2
        </span>
      </span>
      <span
        style="display: flex; justify-content: center;"
      >
        <span
          style="opacity: 1;"
        >
          3
        </span>
      </span>
      <span
        style="display: flex; align-items: center; justify-content: flex-end;"
      >
        <span
          style="opacity: 1;"
        >
          2
        </span>
      </span>
      <span
        class="puzzle-node"
        role="button"
      />
      <span
        class="puzzle-node"
        role="button"
      />
      <span
        class="puzzle-node"
        role="button"
      />
      <span
        style="display: flex; align-items: center; justify-content: flex-end;"
      >
        <span
          style="opacity: 1;"
        >
          3
        </span>
      </span>
      <span
        class="puzzle-node"
        role="button"
      />
      <span
        class="puzzle-node"
        role="button"
      />
      <span
        class="puzzle-node"
        role="button"
      />
      <span
        style="display: flex; align-items: center; justify-content: flex-end;"
      >
        <span
          style="opacity: 1;"
        >
          1
        </span>
        <span
          style="opacity: 1;"
        >
          1
        </span>
      </span>
      <span
        class="puzzle-node"
        role="button"
      />
      <span
        class="puzzle-node"
        role="button"
      />
      <span
        class="puzzle-node"
        role="button"
      />
    </div>
    <fieldset
      class="radio-tile-group"
    >
      <legend>
        User input toggle
      </legend>
      <div
        class="radio-tile radio-tile--selected"
      >
        <label
          class="radio-tile__label"
          for="17"
        >
          ✒️
        </label>
        <input
          checked=""
          class="radio-tile__input"
          id="17"
          name="input-toggle"
          type="radio"
        />
      </div>
      <div
        class="radio-tile"
      >
        <label
          class="radio-tile__label"
          for="18"
        >
          ❌
        </label>
        <input
          class="radio-tile__input"
          id="18"
          name="input-toggle"
          type="radio"
        />
      </div>
    </fieldset>
  </div>
</div>
`;

exports[`renders puzzle 3`] = `
<div>
  <div
    class="puzzle"
  >
    <p>
      Lives Left : 
      3
    </p>
    <div
      class="puzzle__grid"
      style="grid-template-columns: auto 1fr 1fr 1fr 1fr 1fr;"
    >
      <span />
      <span
        style="display: flex; justify-content: center;"
      >
        <span
          style="opacity: 1;"
        >
          2
        </span>
      </span>
      <span
        style="display: flex; justify-content: center;"
      >
        <span
          style="opacity: 1;"
        >
          4
        </span>
      </span>
      <span
        style="display: flex; justify-content: center;"
      >
        <span
          style="opacity: 1;"
        >
          5
        </span>
      </span>
      <span
        style="display: flex; justify-content: center;"
      >
        <span
          style="opacity: 1;"
        >
          2
        </span>
        <span
          style="opacity: 1;"
        >
          1
        </span>
      </span>
      <span
        style="display: flex; justify-content: center;"
      >
        <span
          style="opacity: 1;"
        >
          2
        </span>
      </span>
      <span
        style="display: flex; align-items: center; justify-content: flex-end;"
      >
        <span
          style="opacity: 1;"
        >
          1
        </span>
      </span>
      <span
        class="puzzle-node"
        role="button"
      />
      <span
        class="puzzle-node"
        role="button"
      />
      <span
        class="puzzle-node"
        role="button"
      />
      <span
        class="puzzle-node"
        role="button"
      />
      <span
        class="puzzle-node"
        role="button"
      />
      <span
        style="display: flex; align-items: center; justify-content: flex-end;"
      >
        <span
          style="opacity: 1;"
        >
          3
        </span>
      </span>
      <span
        class="puzzle-node"
        role="button"
      />
      <span
        class="puzzle-node"
        role="button"
      />
      <span
        class="puzzle-node"
        role="button"
      />
      <span
        class="puzzle-node"
        role="button"
      />
      <span
        class="puzzle-node"
        role="button"
      />
      <span
        style="display: flex; align-items: center; justify-content: flex-end;"
      >
        <span
          style="opacity: 1;"
        >
          5
        </span>
      </span>
      <span
        class="puzzle-node"
        role="button"
      />
      <span
        class="puzzle-node"
        role="button"
      />
      <span
        class="puzzle-node"
        role="button"
      />
      <span
        class="puzzle-node"
        role="button"
      />
      <span
        class="puzzle-node"
        role="button"
      />
      <span
        style="display: flex; align-items: center; justify-content: flex-end;"
      >
        <span
          style="opacity: 1;"
        >
          3
        </span>
        <span
          style="opacity: 1;"
        >
          1
        </span>
      </span>
      <span
        class="puzzle-node"
        role="button"
      />
      <span
        class="puzzle-node"
        role="button"
      />
      <span
        class="puzzle-node"
        role="button"
      />
      <span
        class="puzzle-node"
        role="button"
      />
      <span
        class="puzzle-node"
        role="button"
      />
      <span
        style="display: flex; align-items: center; justify-content: flex-end;"
      >
        <span
          style="opacity: 1;"
        >
          3
        </span>
      </span>
      <span
        class="puzzle-node"
        role="button"
      />
      <span
        class="puzzle-node"
        role="button"
      />
      <span
        class="puzzle-node"
        role="button"
      />
      <span
        class="puzzle-node"
        role="button"
      />
      <span
        class="puzzle-node"
        role="button"
      />
    </div>
    <fieldset
      class="radio-tile-group"
    >
      <legend>
        User input toggle
      </legend>
      <div
        class="radio-tile radio-tile--selected"
      >
        <label
          class="radio-tile__label"
          for="33"
        >
          ✒️
        </label>
        <input
          checked=""
          class="radio-tile__input"
          id="33"
          name="input-toggle"
          type="radio"
        />
      </div>
      <div
        class="radio-tile"
      >
        <label
          class="radio-tile__label"
          for="34"
        >
          ❌
        </label>
        <input
          class="radio-tile__input"
          id="34"
          name="input-toggle"
          type="radio"
        />
      </div>
    </fieldset>
  </div>
</div>
`;

exports[`renders puzzle 4`] = `
<div>
  <div
    class="puzzle"
  >
    <p>
      Lives Left : 
      3
    </p>
    <div
      class="puzzle__grid"
      style="grid-template-columns: auto 1fr 1fr 1fr 1fr 1fr;"
    >
      <span />
      <span
        style="display: flex; justify-content: center;"
      >
        <span
          style="opacity: 1;"
        >
          2
        </span>
      </span>
      <span
        style="display: flex; justify-content: center;"
      >
        <span
          style="opacity: 1;"
        >
          1
        </span>
        <span
          style="opacity: 1;"
        >
          3
        </span>
      </span>
      <span
        style="display: flex; justify-content: center;"
      >
        <span
          style="opacity: 1;"
        >
          5
        </span>
      </span>
      <span
        style="display: flex; justify-content: center;"
      >
        <span
          style="opacity: 1;"
        >
          2
        </span>
      </span>
      <span
        style="display: flex; justify-content: center;"
      >
        <span
          style="opacity: 0.4;"
        >
          0
        </span>
      </span>
      <span
        style="display: flex; align-items: center; justify-content: flex-end;"
      >
        <span
          style="opacity: 1;"
        >
          2
        </span>
      </span>
      <span
        class="puzzle-node"
        role="button"
      />
      <span
        class="puzzle-node"
        role="button"
      />
      <span
        class="puzzle-node"
        role="button"
      />
      <span
        class="puzzle-node"
        role="button"
      />
      <span
        class="puzzle-node puzzle-node--incorrect puzzle-node--marked"
        role="button"
      />
      <span
        style="display: flex; align-items: center; justify-content: flex-end;"
      >
        <span
          style="opacity: 1;"
        >
          1
        </span>
        <span
          style="opacity: 1;"
        >
          2
        </span>
      </span>
      <span
        class="puzzle-node"
        role="button"
      />
      <span
        class="puzzle-node"
        role="button"
      />
      <span
        class="puzzle-node"
        role="button"
      />
      <span
        class="puzzle-node"
        role="button"
      />
      <span
        class="puzzle-node puzzle-node--incorrect puzzle-node--marked"
        role="button"
      />
      <span
        style="display: flex; align-items: center; justify-content: flex-end;"
      >
        <span
          style="opacity: 1;"
        >
          4
        </span>
      </span>
      <span
        class="puzzle-node"
        role="button"
      />
      <span
        class="puzzle-node"
        role="button"
      />
      <span
        class="puzzle-node"
        role="button"
      />
      <span
        class="puzzle-node"
        role="button"
      />
      <span
        class="puzzle-node puzzle-node--incorrect puzzle-node--marked"
        role="button"
      />
      <span
        style="display: flex; align-items: center; justify-content: flex-end;"
      >
        <span
          style="opacity: 1;"
        >
          2
        </span>
      </span>
      <span
        class="puzzle-node"
        role="button"
      />
      <span
        class="puzzle-node"
        role="button"
      />
      <span
        class="puzzle-node"
        role="button"
      />
      <span
        class="puzzle-node"
        role="button"
      />
      <span
        class="puzzle-node puzzle-node--incorrect puzzle-node--marked"
        role="button"
      />
      <span
        style="display: flex; align-items: center; justify-content: flex-end;"
      >
        <span
          style="opacity: 1;"
        >
          2
        </span>
      </span>
      <span
        class="puzzle-node"
        role="button"
      />
      <span
        class="puzzle-node"
        role="button"
      />
      <span
        class="puzzle-node"
        role="button"
      />
      <span
        class="puzzle-node"
        role="button"
      />
      <span
        class="puzzle-node puzzle-node--incorrect puzzle-node--marked"
        role="button"
      />
    </div>
    <fieldset
      class="radio-tile-group"
    >
      <legend>
        User input toggle
      </legend>
      <div
        class="radio-tile radio-tile--selected"
      >
        <label
          class="radio-tile__label"
          for="49"
        >
          ✒️
        </label>
        <input
          checked=""
          class="radio-tile__input"
          id="49"
          name="input-toggle"
          type="radio"
        />
      </div>
      <div
        class="radio-tile"
      >
        <label
          class="radio-tile__label"
          for="50"
        >
          ❌
        </label>
        <input
          class="radio-tile__input"
          id="50"
          name="input-toggle"
          type="radio"
        />
      </div>
    </fieldset>
  </div>
</div>
`;

exports[`renders puzzle 5`] = `
<div>
  <div
    class="puzzle"
  >
    <p>
      Lives Left : 
      3
    </p>
    <div
      class="puzzle__grid"
      style="grid-template-columns: auto 1fr 1fr 1fr 1fr 1fr;"
    >
      <span />
      <span
        style="display: flex; justify-content: center;"
      >
        <span
          style="opacity: 1;"
        >
          3
        </span>
      </span>
      <span
        style="display: flex; justify-content: center;"
      >
        <span
          style="opacity: 1;"
        >
          4
        </span>
      </span>
      <span
        style="display: flex; justify-content: center;"
      >
        <span
          style="opacity: 1;"
        >
          1
        </span>
        <span
          style="opacity: 1;"
        >
          1
        </span>
        <span
          style="opacity: 1;"
        >
          1
        </span>
      </span>
      <span
        style="display: flex; justify-content: center;"
      >
        <span
          style="opacity: 1;"
        >
          4
        </span>
      </span>
      <span
        style="display: flex; justify-content: center;"
      >
        <span
          style="opacity: 1;"
        >
          3
        </span>
      </span>
      <span
        style="display: flex; align-items: center; justify-content: flex-end;"
      >
        <span
          style="opacity: 1;"
        >
          1
        </span>
      </span>
      <span
        class="puzzle-node"
        role="button"
      />
      <span
        class="puzzle-node"
        role="button"
      />
      <span
        class="puzzle-node"
        role="button"
      />
      <span
        class="puzzle-node"
        role="button"
      />
      <span
        class="puzzle-node"
        role="button"
      />
      <span
        style="display: flex; align-items: center; justify-content: flex-end;"
      >
        <span
          style="opacity: 1;"
        >
          1
        </span>
        <span
          style="opacity: 1;"
        >
          1
        </span>
      </span>
      <span
        class="puzzle-node"
        role="button"
      />
      <span
        class="puzzle-node"
        role="button"
      />
      <span
        class="puzzle-node"
        role="button"
      />
      <span
        class="puzzle-node"
        role="button"
      />
      <span
        class="puzzle-node"
        role="button"
      />
      <span
        style="display: flex; align-items: center; justify-content: flex-end;"
      >
        <span
          style="opacity: 1;"
        >
          5
        </span>
      </span>
      <span
        class="puzzle-node"
        role="button"
      />
      <span
        class="puzzle-node"
        role="button"
      />
      <span
        class="puzzle-node"
        role="button"
      />
      <span
        class="puzzle-node"
        role="button"
      />
      <span
        class="puzzle-node"
        role="button"
      />
      <span
        style="display: flex; align-items: center; justify-content: flex-end;"
      >
        <span
          style="opacity: 1;"
        >
          2
        </span>
        <span
          style="opacity: 1;"
        >
          2
        </span>
      </span>
      <span
        class="puzzle-node"
        role="button"
      />
      <span
        class="puzzle-node"
        role="button"
      />
      <span
        class="puzzle-node"
        role="button"
      />
      <span
        class="puzzle-node"
        role="button"
      />
      <span
        class="puzzle-node"
        role="button"
      />
      <span
        style="display: flex; align-items: center; justify-content: flex-end;"
      >
        <span
          style="opacity: 1;"
        >
          5
        </span>
      </span>
      <span
        class="puzzle-node"
        role="button"
      />
      <span
        class="puzzle-node"
        role="button"
      />
      <span
        class="puzzle-node"
        role="button"
      />
      <span
        class="puzzle-node"
        role="button"
      />
      <span
        class="puzzle-node"
        role="button"
      />
    </div>
    <fieldset
      class="radio-tile-group"
    >
      <legend>
        User input toggle
      </legend>
      <div
        class="radio-tile radio-tile--selected"
      >
        <label
          class="radio-tile__label"
          for="67"
        >
          ✒️
        </label>
        <input
          checked=""
          class="radio-tile__input"
          id="67"
          name="input-toggle"
          type="radio"
        />
      </div>
      <div
        class="radio-tile"
      >
        <label
          class="radio-tile__label"
          for="68"
        >
          ❌
        </label>
        <input
          class="radio-tile__input"
          id="68"
          name="input-toggle"
          type="radio"
        />
      </div>
    </fieldset>
  </div>
</div>
`;

exports[`renders puzzle 6`] = `
<div>
  <div
    class="puzzle"
  >
    <p>
      Lives Left : 
      3
    </p>
    <div
      class="puzzle__grid"
      style="grid-template-columns: auto 1fr 1fr 1fr;"
    >
      <span />
      <span
        style="display: flex; justify-content: center;"
      >
        <span
          style="opacity: 0.4;"
        >
          0
        </span>
      </span>
      <span
        style="display: flex; justify-content: center;"
      >
        <span
          style="opacity: 0.4;"
        >
          0
        </span>
      </span>
      <span
        style="display: flex; justify-content: center;"
      >
        <span
          style="opacity: 1;"
        >
          1
        </span>
      </span>
      <span
        style="display: flex; align-items: center; justify-content: flex-end;"
      >
        <span
          style="opacity: 0.4;"
        >
          0
        </span>
      </span>
      <span
        class="puzzle-node puzzle-node--incorrect puzzle-node--marked"
        role="button"
      />
      <span
        class="puzzle-node puzzle-node--incorrect puzzle-node--marked"
        role="button"
      />
      <span
        class="puzzle-node puzzle-node--incorrect puzzle-node--marked"
        role="button"
      />
      <span
        style="display: flex; align-items: center; justify-content: flex-end;"
      >
        <span
          style="opacity: 0.4;"
        >
          0
        </span>
      </span>
      <span
        class="puzzle-node puzzle-node--incorrect puzzle-node--marked"
        role="button"
      />
      <span
        class="puzzle-node puzzle-node--incorrect puzzle-node--marked"
        role="button"
      />
      <span
        class="puzzle-node puzzle-node--incorrect puzzle-node--marked"
        role="button"
      />
      <span
        style="display: flex; align-items: center; justify-content: flex-end;"
      >
        <span
          style="opacity: 1;"
        >
          1
        </span>
      </span>
      <span
        class="puzzle-node puzzle-node--incorrect puzzle-node--marked"
        role="button"
      />
      <span
        class="puzzle-node puzzle-node--incorrect puzzle-node--marked"
        role="button"
      />
      <span
        class="puzzle-node"
        role="button"
      />
    </div>
    <fieldset
      class="radio-tile-group"
    >
      <legend>
        User input toggle
      </legend>
      <div
        class="radio-tile radio-tile--selected"
      >
        <label
          class="radio-tile__label"
          for="77"
        >
          ✒️
        </label>
        <input
          checked=""
          class="radio-tile__input"
          id="77"
          name="input-toggle"
          type="radio"
        />
      </div>
      <div
        class="radio-tile"
      >
        <label
          class="radio-tile__label"
          for="78"
        >
          ❌
        </label>
        <input
          class="radio-tile__input"
          id="78"
          name="input-toggle"
          type="radio"
        />
      </div>
    </fieldset>
  </div>
</div>
`;
